JvmtiExport can_access_local_variables 0
JvmtiExport can_hotswap_or_post_breakpoint 0
JvmtiExport can_post_on_exceptions 0
# 166 ciObject found
instanceKlass com/mathworks/product/dao/productdatafile/ProductDataFileDao
instanceKlass com/mathworks/product/dao/wrapper/WrapperDao
instanceKlass com/mathworks/product/dao/ProductDao
instanceKlass com/mathworks/product/dao/AbstractDaoFactoryInternal
instanceKlass com/mathworks/product/dao/DaoPluginFactory
instanceKlass com/mathworks/product/dao/DaoFactoryInternal
instanceKlass com/mathworks/product/dao/DaoFactory
instanceKlass com/mathworks/product/dao/DefaultDaoFactory
instanceKlass com/mathworks/product/dao/config/file/AbstractFileDaoConfig
instanceKlass com/mathworks/product/dao/config/file/FileDaoConfig
instanceKlass com/mathworks/product/dao/config/DaoConfig
instanceKlass com/mathworks/helpsearch/HelpPathBuilder
instanceKlass com/mathworks/mlwidgets/help/InstalledProductUtils
instanceKlass com/mathworks/mde/functionhints/FunctionHints
instanceKlass com/mathworks/page/plottool/StartupClasses
instanceKlass com/mathworks/mlwidgets/util/productinfo/InfoListener
instanceKlass com/mathworks/mlwidgets/util/productinfo/ProductItem
instanceKlass org/apache/xerces/impl/xs/models/XSAllCM
instanceKlass org/apache/xerces/impl/xs/AttributePSVImpl
instanceKlass org/apache/xerces/xs/AttributePSVI
instanceKlass org/apache/xerces/impl/dtd/models/CMStateSet
instanceKlass org/apache/xerces/impl/xs/models/XSDFACM
instanceKlass org/apache/xerces/xs/datatypes/XSQName
instanceKlass org/apache/xerces/impl/xs/XSConstraints$1
instanceKlass org/apache/xerces/impl/xs/XSConstraints
instanceKlass org/apache/xerces/impl/xs/util/XSObjectListImpl$1
instanceKlass org/apache/xerces/impl/xs/opti/NamedNodeMapImpl
instanceKlass org/apache/xerces/impl/xs/traversers/XSDAbstractParticleTraverser$ParticleArray
instanceKlass org/apache/xerces/xs/XSAnnotation
instanceKlass org/apache/xerces/impl/xs/traversers/XSDAbstractTraverser
instanceKlass org/apache/xerces/impl/xs/traversers/Container
instanceKlass org/apache/xerces/impl/xs/traversers/OneAttr
instanceKlass org/apache/xerces/impl/xs/util/XInt
instanceKlass org/apache/xerces/impl/xs/util/XIntPool
instanceKlass org/apache/xerces/impl/xs/traversers/XSAttributeChecker
instanceKlass org/apache/xerces/impl/xs/traversers/XSDHandler$XSDKey
instanceKlass org/apache/xerces/util/DOMUtil
instanceKlass org/apache/xerces/impl/xs/opti/DefaultNode
instanceKlass org/apache/xerces/impl/xs/XMLSchemaLoader$LocationArray
instanceKlass org/apache/xerces/impl/xs/XMLSchemaValidator$LocalIDKey
instanceKlass org/apache/xerces/impl/xs/identity/IdentityConstraint
instanceKlass org/apache/xerces/impl/xs/XMLSchemaValidator$ValueStoreCache
instanceKlass org/apache/xerces/util/IntStack
instanceKlass org/apache/xerces/impl/xs/identity/XPathMatcher
instanceKlass org/apache/xerces/impl/xs/XMLSchemaValidator$XPathMatcherStack
instanceKlass org/apache/xerces/impl/xs/XSNotationDecl
instanceKlass org/apache/xerces/impl/xs/opti/SchemaDOMParser$BooleanStack
instanceKlass org/apache/xerces/impl/xs/opti/DefaultXMLDocumentHandler
instanceKlass org/apache/xerces/impl/xs/traversers/XSDocumentInfo
instanceKlass org/apache/xerces/impl/xs/traversers/XSDHandler
instanceKlass org/apache/xerces/impl/xs/XSMessageFormatter
instanceKlass org/apache/xerces/util/DefaultErrorHandler
instanceKlass org/w3c/dom/DOMStringList
instanceKlass org/apache/xerces/impl/xs/XMLSchemaLoader
instanceKlass org/apache/xerces/xs/XSLoader
instanceKlass org/apache/xerces/xni/grammars/XMLGrammarLoader
instanceKlass org/apache/xerces/impl/xs/models/XSEmptyCM
instanceKlass org/apache/xerces/impl/xs/models/XSCMValidator
instanceKlass org/apache/xerces/impl/xs/models/CMBuilder
instanceKlass org/apache/xerces/impl/dtd/models/CMNode
instanceKlass org/apache/xerces/impl/xs/models/CMNodeFactory
instanceKlass org/apache/xerces/impl/xs/SubstitutionGroupHandler$OneSubGroup
instanceKlass org/apache/xerces/impl/xs/SubstitutionGroupHandler
instanceKlass org/apache/xerces/impl/xs/XSGrammarBucket
instanceKlass org/apache/xerces/impl/xs/XMLSchemaValidator$XSIErrorReporter
instanceKlass org/apache/xerces/impl/xs/ElementPSVImpl
instanceKlass org/apache/xerces/xs/ElementPSVI
instanceKlass org/apache/xerces/xs/ItemPSVI
instanceKlass org/apache/xerces/impl/xs/XSAttributeDecl
instanceKlass org/apache/xerces/xni/grammars/XMLSchemaDescription
instanceKlass org/apache/xerces/impl/xpath/regex/Token
instanceKlass org/apache/xerces/impl/xpath/regex/REUtil
instanceKlass org/apache/xerces/impl/xpath/regex/RegexParser
instanceKlass org/apache/xerces/impl/xpath/regex/Op
instanceKlass org/apache/xerces/impl/xpath/regex/RegularExpression
instanceKlass org/apache/xerces/impl/dv/xs/DecimalDV$XDecimal
instanceKlass org/apache/xerces/xs/datatypes/XSDecimal
instanceKlass org/apache/xerces/impl/dv/ValidatedInfo
instanceKlass org/apache/xerces/impl/dv/XSFacets
instanceKlass org/apache/xerces/impl/dv/xs/XSSimpleTypeDecl$4
instanceKlass org/apache/xerces/impl/dv/xs/XSSimpleTypeDecl$1
instanceKlass org/apache/xerces/impl/dv/xs/AbstractDateTimeDV$DateTimeData
instanceKlass org/apache/xerces/xs/datatypes/XSDateTime
instanceKlass javax/xml/datatype/Duration
instanceKlass javax/xml/datatype/XMLGregorianCalendar
instanceKlass javax/xml/datatype/DatatypeFactory
instanceKlass org/apache/xerces/impl/dv/xs/TypeValidator$1
instanceKlass org/apache/xerces/impl/dv/xs/TypeValidator
instanceKlass org/apache/xerces/xs/ShortList
instanceKlass org/apache/xerces/impl/dv/xs/XSSimpleTypeDecl
instanceKlass org/apache/xerces/util/SymbolHash$Entry
instanceKlass org/apache/xerces/util/SymbolHash
instanceKlass org/apache/xerces/impl/dv/XSSimpleType
instanceKlass org/apache/xerces/impl/dv/SchemaDVFactory
instanceKlass org/apache/xerces/impl/xs/XSElementDecl
instanceKlass org/apache/xerces/impl/xs/XSGroupDecl
instanceKlass org/apache/xerces/impl/xs/util/SimpleLocator
instanceKlass org/apache/xerces/impl/xs/XSAttributeUseImpl
instanceKlass org/apache/xerces/xs/XSAttributeUse
instanceKlass org/apache/xerces/impl/xs/XSAttributeGroupDecl
instanceKlass org/apache/xerces/impl/xs/XSModelGroupImpl
instanceKlass org/apache/xerces/xs/XSModelGroup
instanceKlass org/apache/xerces/impl/xs/XSParticleDecl
instanceKlass org/apache/xerces/impl/xs/XSWildcardDecl
instanceKlass org/apache/xerces/xs/XSWildcard
instanceKlass org/apache/xerces/impl/xs/SchemaSymbols
instanceKlass org/apache/xerces/xs/XSParticle
instanceKlass org/apache/xerces/xs/XSSimpleTypeDefinition
instanceKlass org/apache/xerces/xs/XSIDCDefinition
instanceKlass org/apache/xerces/xs/datatypes/ObjectList
instanceKlass org/apache/xerces/xs/XSModel
instanceKlass org/apache/xerces/xs/XSModelGroupDefinition
instanceKlass org/apache/xerces/xs/XSAttributeGroupDefinition
instanceKlass org/apache/xerces/xs/StringList
instanceKlass org/apache/xerces/xs/XSNamedMap
instanceKlass org/apache/xerces/xs/XSObjectList
instanceKlass org/apache/xerces/impl/xs/XSComplexTypeDecl
instanceKlass org/apache/xerces/xs/XSComplexTypeDefinition
instanceKlass org/apache/xerces/impl/xs/SchemaGrammar
instanceKlass org/apache/xerces/xs/XSNamespaceItem
instanceKlass org/apache/xerces/xni/grammars/XSGrammar
instanceKlass org/apache/xerces/impl/xs/identity/ValueStore
instanceKlass org/apache/xerces/xs/XSAttributeDeclaration
instanceKlass org/apache/xerces/xs/XSValue
instanceKlass org/apache/xerces/xs/XSNotationDeclaration
instanceKlass org/apache/xerces/xs/XSElementDeclaration
instanceKlass org/apache/xerces/xs/XSTerm
instanceKlass org/apache/xerces/impl/xs/XMLSchemaValidator
instanceKlass org/apache/xerces/impl/xs/XSElementDeclHelper
instanceKlass org/apache/xerces/impl/xs/identity/FieldActivator
instanceKlass com/mathworks/xml/XMLValidator$ValidationResults
instanceKlass com/mathworks/xml/XMLValidator
instanceKlass com/mathworks/mlwidgets/util/productinfo/PrefPanelItem
instanceKlass com/mathworks/mlwidgets/util/productinfo/Product
instanceKlass com/mathworks/mlwidgets/help/DocRootSetting
instanceKlass com/mathworks/mlwidgets/help/DocRootListener
instanceKlass com/mathworks/helpsearch/product/DocumentationSet
instanceKlass com/mathworks/helpsearch/product/DocProduct
instanceKlass com/mathworks/helpsearch/facets/FacetableDocSetItem
instanceKlass com/mathworks/helpsearch/product/DocSetItem
instanceKlass com/mathworks/mlwidgets/help/HelpPrefs$DefaultDependencyProvider
instanceKlass com/mathworks/mlwidgets/help/DocCenterRoot$InMemoryDependencyProvider
instanceKlass com/mathworks/mlwidgets/help/DocCenterRoot$SettingsDependencyProvider
instanceKlass com/mathworks/mlwidgets/html/HTMLUtils$ExternalUrlFilter
instanceKlass com/mathworks/html/UrlFilter
instanceKlass com/mathworks/mlwidgets/html/HTMLUtils
instanceKlass com/mathworks/mlwidgets/help/ReleaseNameParser
instanceKlass com/mathworks/mlwidgets/help/DocCenterRoot$DependencyProvider
instanceKlass com/mathworks/mlwidgets/help/DocCenterRoot
instanceKlass com/mathworks/mlwidgets/help/HelpPrefs$HelpPrefsDependencyProvider
instanceKlass com/mathworks/mlwidgets/help/HelpPrefs
instanceKlass com/mathworks/mlwidgets/help/LocalizationPrefs$DefaultDependencyProvider
instanceKlass com/mathworks/mlwidgets/help/LocalizationPrefs$DependencyProvider
instanceKlass com/mathworks/mlwidgets/help/LocalizationPrefs
instanceKlass com/mathworks/mlwidgets/help/DocCenterLocalizationPrefs$DefaultDependencyProvider
instanceKlass com/mathworks/mlwidgets/help/DocCenterLocalizationPrefs$DependencyProvider
instanceKlass com/mathworks/mlwidgets/help/DocCenterLocalizationPrefs
instanceKlass com/mathworks/mlwidgets/util/productinfo/ProductInfoUtils$MatlabSimulinkGroupOrderComparator
instanceKlass com/mathworks/mlwidgets/util/productinfo/ProductInfoUtils$DisplayOrderComparator
instanceKlass com/mathworks/mlwidgets/util/productinfo/ProductInfoUtils$ProductInfoManager
instanceKlass com/mathworks/mlwidgets/util/productinfo/ProductInfoUtils
instanceKlass com/mathworks/html/HtmlActions
instanceKlass com/mathworks/mde/embeddedoutputs/RegionEvaluator
instanceKlass java/util/concurrent/ConcurrentLinkedQueue$Itr
instanceKlass com/mathworks/eps/notificationclient/api/results/CloseResult
instanceKlass com/mathworks/mde/desk/MLNotificationUIProvider$1$1$1
instanceKlass com/mathworks/update_notification_subscriber/SubscriberStatusIndicator
instanceKlass com/mathworks/notification_client_util/MatlabNotificationUIQueue
instanceKlass com/mathworks/update_notification_subscriber/UpdateNotificationSubscriber$1
instanceKlass com/mathworks/update_notification_subscriber/UpdateNotificationSubscriber$2
instanceKlass com/mathworks/update_notification_subscriber/UpdateNotificationSubscriber$UpdateInfo
instanceKlass com/mathworks/notification_client_util/UINotification
instanceKlass com/mathworks/eps/notificationclient/impl/CloseResultTask
instanceKlass com/google/gson/internal/LinkedTreeMap$LinkedTreeMapIterator
instanceKlass com/mathworks/eps/notificationclient/messages/response/NotificationImpl
instanceKlass com/mathworks/eps/notificationclient/api/Notification
instanceKlass com/mathworks/eps/notificationclient/messages/response/metadata/GetNotificationsResponseMetadata
instanceKlass com/mathworks/widgets/desk/DTClient$DeferredPropertyChange
instanceKlass com/mathworks/eps/notificationclient/messages/response/AbstractResponseMessage
instanceKlass com/google/gson/internal/bind/TypeAdapters$34
instanceKlass com/google/gson/internal/bind/TreeTypeAdapter$GsonContextImpl
instanceKlass com/mathworks/eps/notificationclient/messages/response/NotificationResponse
instanceKlass sun/net/www/http/KeepAliveEntry
instanceKlass com/mathworks/addons_common/util/AddonManagerUtils
instanceKlass sun/net/www/http/KeepAliveStream$1
instanceKlass sun/net/www/http/KeepAliveCleanerEntry
instanceKlass sun/net/www/http/KeepAliveCache$1
instanceKlass com/sun/imageio/plugins/common/ReaderUtil
instanceKlass sun/java2d/cmm/CMSManager
instanceKlass com/sun/imageio/plugins/png/PNGImageDataEnumeration
instanceKlass javax/imageio/IIOParam
instanceKlass javax/imageio/ImageIO$CanDecodeInputFilter
instanceKlass sun/net/www/http/KeepAliveStreamCleaner$2
instanceKlass sun/net/www/http/KeepAliveStreamCleaner$1
instanceKlass sun/net/www/http/Hurryable
instanceKlass sun/net/www/HeaderParser
instanceKlass sun/security/ssl/SSLSocketImpl$NotifyHandshakeThread$1
instanceKlass com/mathworks/mde/liveeditor/widget/rtc/RichTextComponent$4
instanceKlass com/mathworks/toolboxmanagement/ToolboxAppGalleryServiceProvider
instanceKlass com/mathworks/addon_service_management_api/AddonServiceProvider
instanceKlass sun/net/www/protocol/http/AuthCacheImpl
instanceKlass sun/net/www/protocol/http/AuthCache
instanceKlass sun/net/www/protocol/http/AuthCacheValue
instanceKlass com/mathworks/mde/editor/plugins/editordataservice/CustomKeyboardShortcutsFeature$2
instanceKlass com/mathworks/mde/liveeditor/LiveEditorKeyBindingManagerListener
instanceKlass com/mathworks/mde/editor/plugins/editordataservice/CustomKeyboardShortcutsFeatureProvider
instanceKlass sun/security/util/HostnameChecker
instanceKlass java/net/Socket$3
instanceKlass java/net/Socket$2
instanceKlass com/mathworks/eps/notificationclient/messages/request/NotificationRequest$1
instanceKlass sun/net/spi/DefaultProxySelector$3
instanceKlass sun/net/spi/DefaultProxySelector$NonProxyInfo
instanceKlass sun/net/spi/DefaultProxySelector$1
instanceKlass java/net/ProxySelector
instanceKlass java/net/SocksSocketImpl$3
instanceKlass com/mathworks/eps/notificationclient/messages/request/NotificationRequest
instanceKlass com/mathworks/eps/notificationclient/messages/request/NotificationRequest$Builder
instanceKlass sun/net/www/http/KeepAliveKey
instanceKlass com/mathworks/eps/notificationclient/api/results/GetLastMessageResult
instanceKlass sun/net/NetworkClient$1
instanceKlass sun/net/NetworkClient
instanceKlass com/mathworks/eps/notificationclient/messages/request/AbstractRequestMessage
instanceKlass javax/net/ssl/HandshakeCompletedListener
instanceKlass java/net/ResponseCache
instanceKlass sun/net/www/protocol/http/HttpURLConnection$3
instanceKlass java/net/CookieHandler
instanceKlass sun/net/www/protocol/http/HttpURLConnection$2
instanceKlass com/mathworks/eps/notificationclient/messages/request/metadata/GetNotificationsRequestMetadata
instanceKlass com/mathworks/eps/notificationclient/messages/request/metadata/NotificationRequestMetadata
instanceKlass sun/net/NetProperties$1
instanceKlass sun/net/NetProperties
instanceKlass sun/net/www/protocol/http/HttpURLConnection$$Lambda$54
instanceKlass java/lang/invoke/LambdaForm$DMH
instanceKlass sun/security/action/GetIntegerAction
instanceKlass com/mathworks/eps/notificationclient/impl/GetNotificationsRequest
instanceKlass javax/net/ssl/SSLSocketFactory$1
instanceKlass javax/net/ssl/HttpsURLConnection$DefaultHostnameVerifier
instanceKlass com/mathworks/mde/liveeditor/plugins/editordataservice/LiveEditorSectionsService$1
instanceKlass com/mathworks/mde/liveeditor/plugins/editordataservice/LiveEditorSectionsServiceProvider
instanceKlass javax/net/SocketFactory
instanceKlass com/mathworks/toolbox/fixedpoint/toolstrip/FixedPointLiveEditorToolstripTabContributor$Listeners$2$1
instanceKlass com/mathworks/mde/liveeditor/ActionManager$12
instanceKlass com/mathworks/peermodel/synchronizer/utils/EventCoalescer$3$1
instanceKlass com/mathworks/mde/liveeditor/widget/rtc/RichTextComponent$7
instanceKlass com/google/gson/internal/LinkedTreeMap$Node
instanceKlass com/google/gson/internal/LinkedTreeMap$1
instanceKlass com/mathworks/eps/notificationclient/messages/response/authnz/GetTokenInfoResponseMetadata
instanceKlass com/mathworks/eps/notificationclient/messages/response/authnz/GetAPSTokenResponseMsg$Application
instanceKlass com/mathworks/eps/notificationclient/messages/response/authnz/GetAPSTokenResponseMsg$Service
instanceKlass com/mathworks/eps/notificationclient/messages/response/authnz/GetAPSTokenResponseMsg
instanceKlass com/google/gson/internal/$Gson$Types$GenericArrayTypeImpl
instanceKlass com/mathworks/eps/notificationclient/api/faults/FaultCondition
instanceKlass com/google/gson/internal/ConstructorConstructor$3
instanceKlass com/google/gson/internal/JsonReaderInternalAccess
instanceKlass com/mathworks/eps/notificationclient/messages/utils/GsonUtils$JsonMessageDeserializer
instanceKlass com/mathworks/eps/notificationclient/messages/response/NotificationResponseMessage
instanceKlass com/mathworks/eps/notificationclient/messages/res